// Vitest Snapshot v1, https://vitest.dev/guide/snapshot.html

exports[`AlertDialog > should match snapshot 1`] = `<DocumentFragment />`;

exports[`AlertDialog Component > should match snapshot 1`] = `<DocumentFragment />`;
