// Vitest Snapshot v1, https://vitest.dev/guide/snapshot.html

exports[`LoginDialog > should match snapshot 1`] = `<DocumentFragment />`;

exports[`LoginDialog Component > should match snapshot 1`] = `<DocumentFragment />`;
